// Jest Snapshot v1, https://goo.gl/fbAQLP

exports[`should render ExpenseListItems correctly 1`] = `
<Link
  className="list-items"
  replace={false}
  to="/edit/undefined"
>
  <div>
    <span
      className="list-item__sub-title"
    >
       
      January 1st, 1970
       
    </span>
  </div>
  <h3
    className="list-item__data"
  >
     
    $0.00
     
  </h3>
</Link>
`;
