// Jest Snapshot v1, https://goo.gl/fbAQLP

exports[` should render login page 1`] = `
<div
  className="login-page"
>
  <div
    className="login-page__box"
  >
    <h1
      className="login-page__title"
    >
      Expensify App
    </h1>
    <p>
      It's time to get your expenses under control
    </p>
    <button
      className="button"
    >
      Login with google
    </button>
  </div>
</div>
`;
